2,2,NORTH
2,2,WEST
1,2,WEST
1,2,SOUTH
1,1,SOUTH
1,1,EAST
2,1,EAST
2,1,NORTH
2,2,NORTH
2,2,EAST
3,2,EAST
3,2,SOUTH
3,1,SOUTH
3,1,WEST
2,1,WEST
2,1,NORTH
2,2,NORTH