2,2,NORTH
2,3,NORTH
2,4,NORTH
2,4,NORTH
2,2,EAST
3,2,EAST
4,2,EAST
4,2,EAST
2,2,SOUTH
2,1,SOUTH
2,0,SOUTH
2,0,SOUTH
2,2,WEST
1,2,WEST
0,2,WEST
0,2,WEST