0,0,EAST
4,0,EAST
4,0,EAST
4,0,NORTH
4,4,NORTH
4,4,NORTH
4,4,WEST
0,4,WEST
0,4,WEST
0,4,SOUTH
0,0,SOUTH
0,0,SOUTH
0,0,EAST
4,4,SOUTH
4,0,SOUTH
4,0,SOUTH
4,0,WEST
0,0,WEST
0,0,WEST
0,0,NORTH
0,4,NORTH
0,4,NORTH
0,4,EAST
4,4,EAST
4,4,EAST
4,4,SOUTH